========================================
Wee U Android Build Script
========================================


========================================
Processing translation files...
========================================
Processing ca...
  Created src\android\app\src\main\assets\translations\ca\cemu.po
Processing de...
  Created src\android\app\src\main\assets\translations\de\cemu.po
Processing es...
  Created src\android\app\src\main\assets\translations\es\cemu.po
Processing fr...
  Created src\android\app\src\main\assets\translations\fr\cemu.po
Processing he...
  Created src\android\app\src\main\assets\translations\he\cemu.po
Processing hu...
  Created src\android\app\src\main\assets\translations\hu\cemu.po
Processing it...
  Created src\android\app\src\main\assets\translations\it\cemu.po
Processing ja...
  Created src\android\app\src\main\assets\translations\ja\cemu.po
Processing ko...
  Created src\android\app\src\main\assets\translations\ko\cemu.po
Processing nb...
  Created src\android\app\src\main\assets\translations\nb\cemu.po
Processing nl...
  Created src\android\app\src\main\assets\translations\nl\cemu.po
Processing pl...
  Created src\android\app\src\main\assets\translations\pl\cemu.po
Processing pt...
  Created src\android\app\src\main\assets\translations\pt\cemu.po
Processing ru...
  Created src\android\app\src\main\assets\translations\ru\cemu.po
Processing sv...
  Created src\android\app\src\main\assets\translations\sv\cemu.po
Processing tr...
  Created src\android\app\src\main\assets\translations\tr\cemu.po
Processing uk...
  Created src\android\app\src\main\assets\translations\uk\cemu.po
Processing zh...
  Created src\android\app\src\main\assets\translations\zh\cemu.po
Translation processing complete.

========================================
Checking Java version...
========================================
Java 21 detected.
VCPKG_ROOT set to: C:\WeeU\dependencies\vcpkg
ANDROID_NDK_HOME set to: C:\Android\ndk\29.0.14206865

========================================
Building Android APK...
========================================

Clean previous builds? (y/N): 
Building Release APK...
^C